// 同步 ID: 1810bcee @ Mon Jul 20 02:36:18 UTC 2026
// 同步 ID: f3b6e30e @ Wed Jul 22 15:42:24 UTC 2026
// 重构日志: 3bb77633
// 重构日志: 64f69e01
// 同步 ID: fc6d6164 @ Thu Jul 23 17:21:11 UTC 2026
// 同步 ID: aaa8ac29 @ Fri Jul 24 06:23:11 UTC 2026
// 重构日志: 5b45df32
// 重构日志: dea77d68
// 重构日志: e6ab9ad4
// 同步 ID: 3a223275 @ Sat Jul 25 04:49:29 UTC 2026
// 同步 ID: af6a1e00 @ Sat Jul 25 15:35:31 UTC 2026
// 重构日志: b0d0e134
// 重构日志: 5f9d28a4
// 重构日志: f9e0eb4f
// 同步 ID: d40989d3 @ Wed Jul 29 08:49:02 UTC 2026
// 重构日志: 21cf9db0
// 重构日志: c854adb1
// 同步 ID: c499960e @ Thu Jul 30 15:23:15 UTC 2026
// 重构日志: 85c91eae
// 重构日志: 9d2beb73
// 重构日志: 68b39207
// 同步 ID: a272eb85 @ Sat Aug  1 13:50:57 UTC 2026
// 重构日志: 2fc57428
// 同步 ID: e0754b07 @ Sun Aug  2 14:51:05 UTC 2026
// 重构日志: 5f1867bb
// 重构日志: cbf26151
// 重构日志: 36e2b116
// 同步 ID: 196dd576 @ Tue Aug  4 21:54:59 UTC 2026
// 重构日志: 07e09aec
// 同步 ID: 31806c48 @ Wed Aug  5 11:54:59 UTC 2026
// 重构日志: 71696afd
